
Discarded input sections

 .text          0x00000000        0x0 ..\obj\semihosting.o
 .data          0x00000000        0x0 ..\obj\semihosting.o
 .text.SH_SendString
                0x00000000       0x28 ..\obj\semihosting.o
 .text.SH_GetChar
                0x00000000       0x4c ..\obj\semihosting.o
 .text          0x00000000        0x0 ..\obj\xdebug.o
 .data          0x00000000        0x0 ..\obj\xdebug.o
 .bss           0x00000000        0x0 ..\obj\xdebug.o
 .debug_line    0x00000000        0x0 ..\obj\xdebug.o
 .comment       0x00000000       0x71 ..\obj\xdebug.o
 .ARM.attributes
                0x00000000       0x33 ..\obj\xdebug.o
 .text          0x00000000        0x0 ..\obj\startup_stm32f10x_md_vl.o
 .data          0x00000000        0x0 ..\obj\startup_stm32f10x_md_vl.o
 .bss           0x00000000        0x0 ..\obj\startup_stm32f10x_md_vl.o
 .text          0x00000000        0x0 ..\obj\core_cm3.o
 .data          0x00000000        0x0 ..\obj\core_cm3.o
 .bss           0x00000000        0x0 ..\obj\core_cm3.o
 .text.__get_PSP
                0x00000000       0x10 ..\obj\core_cm3.o
 .text.__set_PSP
                0x00000000        0x8 ..\obj\core_cm3.o
 .text.__get_MSP
                0x00000000       0x10 ..\obj\core_cm3.o
 .text.__set_MSP
                0x00000000        0x8 ..\obj\core_cm3.o
 .text.__get_BASEPRI
                0x00000000       0x20 ..\obj\core_cm3.o
 .text.__set_BASEPRI
                0x00000000       0x18 ..\obj\core_cm3.o
 .text.__get_PRIMASK
                0x00000000       0x20 ..\obj\core_cm3.o
 .text.__set_PRIMASK
                0x00000000       0x18 ..\obj\core_cm3.o
 .text.__get_FAULTMASK
                0x00000000       0x20 ..\obj\core_cm3.o
 .text.__set_FAULTMASK
                0x00000000       0x18 ..\obj\core_cm3.o
 .text.__get_CONTROL
                0x00000000       0x20 ..\obj\core_cm3.o
 .text.__set_CONTROL
                0x00000000       0x18 ..\obj\core_cm3.o
 .text.__REV    0x00000000       0x24 ..\obj\core_cm3.o
 .text.__REV16  0x00000000       0x24 ..\obj\core_cm3.o
 .text.__REVSH  0x00000000       0x24 ..\obj\core_cm3.o
 .text.__RBIT   0x00000000       0x24 ..\obj\core_cm3.o
 .text.__LDREXB
                0x00000000       0x24 ..\obj\core_cm3.o
 .text.__LDREXH
                0x00000000       0x24 ..\obj\core_cm3.o
 .text.__LDREXW
                0x00000000       0x24 ..\obj\core_cm3.o
 .text.__STREXB
                0x00000000       0x2c ..\obj\core_cm3.o
 .text.__STREXH
                0x00000000       0x2c ..\obj\core_cm3.o
 .text.__STREXW
                0x00000000       0x28 ..\obj\core_cm3.o
 .debug_info    0x00000000      0x55e ..\obj\core_cm3.o
 .debug_abbrev  0x00000000       0xe4 ..\obj\core_cm3.o
 .debug_loc     0x00000000      0x3f0 ..\obj\core_cm3.o
 .debug_aranges
                0x00000000       0xc8 ..\obj\core_cm3.o
 .debug_ranges  0x00000000       0xb8 ..\obj\core_cm3.o
 .debug_line    0x00000000      0x2a2 ..\obj\core_cm3.o
 .debug_str     0x00000000      0x278 ..\obj\core_cm3.o
 .comment       0x00000000       0x71 ..\obj\core_cm3.o
 .ARM.attributes
                0x00000000       0x33 ..\obj\core_cm3.o
 .debug_frame   0x00000000      0x280 ..\obj\core_cm3.o
 .text          0x00000000        0x0 ..\obj\xcore.o
 .data          0x00000000        0x0 ..\obj\xcore.o
 .bss           0x00000000        0x0 ..\obj\xcore.o
 .rodata        0x00000000       0x7c ..\obj\xcore.o
 .text.IntDefaultHandler
                0x00000000        0x8 ..\obj\xcore.o
 .text.xIntMasterEnable
                0x00000000       0x10 ..\obj\xcore.o
 .text.xIntMasterDisable
                0x00000000       0x10 ..\obj\xcore.o
 .text.xIntPriorityGroupingSet
                0x00000000       0x34 ..\obj\xcore.o
 .text.xIntPriorityGroupingGet
                0x00000000       0x54 ..\obj\xcore.o
 .text.xIntPrioritySet
                0x00000000      0x26c ..\obj\xcore.o
 .text.xIntPriorityGet
                0x00000000       0xc0 ..\obj\xcore.o
 .text.xIntEnable
                0x00000000      0x2a0 ..\obj\xcore.o
 .text.xIntDisable
                0x00000000      0x290 ..\obj\xcore.o
 .text.xIntPendSet
                0x00000000      0x270 ..\obj\xcore.o
 .text.xIntPendClear
                0x00000000      0x250 ..\obj\xcore.o
 .text.xIntPriorityMaskSet
                0x00000000       0x18 ..\obj\xcore.o
 .text.xIntPriorityMaskGet
                0x00000000       0x10 ..\obj\xcore.o
 .text.xSysTickEnable
                0x00000000       0x24 ..\obj\xcore.o
 .text.xSysTickDisable
                0x00000000       0x24 ..\obj\xcore.o
 .text.xSysTickIntEnable
                0x00000000       0x24 ..\obj\xcore.o
 .text.xSysTickIntDisable
                0x00000000       0x24 ..\obj\xcore.o
 .text.xSysTickPeriodSet
                0x00000000       0x24 ..\obj\xcore.o
 .text.xSysTickPeriodGet
                0x00000000       0x1c ..\obj\xcore.o
 .text.xSysTickValueGet
                0x00000000       0x18 ..\obj\xcore.o
 .debug_info    0x00000000      0x374 ..\obj\xcore.o
 .debug_abbrev  0x00000000      0x124 ..\obj\xcore.o
 .debug_loc     0x00000000      0x3e8 ..\obj\xcore.o
 .debug_aranges
                0x00000000       0xb8 ..\obj\xcore.o
 .debug_ranges  0x00000000       0xa8 ..\obj\xcore.o
 .debug_line    0x00000000      0x37d ..\obj\xcore.o
 .debug_str     0x00000000      0x296 ..\obj\xcore.o
 .comment       0x00000000       0x71 ..\obj\xcore.o
 .ARM.attributes
                0x00000000       0x33 ..\obj\xcore.o
 .debug_frame   0x00000000      0x228 ..\obj\xcore.o
 .text          0x00000000        0x0 ..\obj\xgpio.o
 .data          0x00000000        0x0 ..\obj\xgpio.o
 .bss           0x00000000       0x40 ..\obj\xgpio.o
 .rodata        0x00000000        0x8 ..\obj\xgpio.o
 .text.EXTI0IntHandler
                0x00000000       0x9c ..\obj\xgpio.o
 .text.EXTI1IntHandler
                0x00000000       0x9c ..\obj\xgpio.o
 .text.EXTI2IntHandler
                0x00000000       0x9c ..\obj\xgpio.o
 .text.EXTI3IntHandler
                0x00000000       0x9c ..\obj\xgpio.o
 .text.EXTI4IntHandler
                0x00000000       0x9c ..\obj\xgpio.o
 .text.EXTI95IntHandler
                0x00000000       0xfc ..\obj\xgpio.o
 .text.EXTI1510IntHandler
                0x00000000      0x10c ..\obj\xgpio.o
 .text.GPIODirModeSet
                0x00000000       0xb0 ..\obj\xgpio.o
 .text.xGPIODirModeSet
                0x00000000       0x54 ..\obj\xgpio.o
 .text.GPIODirModeGet
                0x00000000       0x70 ..\obj\xgpio.o
 .text.xGPIODirModeGet
                0x00000000       0x4c ..\obj\xgpio.o
 .text.GPIOPinIntEnable
                0x00000000      0x184 ..\obj\xgpio.o
 .text.GPIOPinIntDisable
                0x00000000       0x30 ..\obj\xgpio.o
 .text.GPIOPinIntCallbackInit
                0x00000000       0x9c ..\obj\xgpio.o
 .text.GPIOPinIntStatus
                0x00000000       0x18 ..\obj\xgpio.o
 .text.GPIOPinIntClear
                0x00000000       0x2c ..\obj\xgpio.o
 .text.GPIOPinRead
                0x00000000       0x24 ..\obj\xgpio.o
 .text.GPIOPortRead
                0x00000000       0x1c ..\obj\xgpio.o
 .text.GPIOPinWrite
                0x00000000       0x4c ..\obj\xgpio.o
 .text.GPIOPortWrite
                0x00000000       0x20 ..\obj\xgpio.o
 .text.GPIOPinSet
                0x00000000       0x20 ..\obj\xgpio.o
 .text.GPIOPinReset
                0x00000000       0x20 ..\obj\xgpio.o
 .text.GPIOPinLockConfig
                0x00000000       0x74 ..\obj\xgpio.o
 .text.GPIOPinConfigure
                0x00000000       0xe4 ..\obj\xgpio.o
 .text.GPIOPinToPeripheralId
                0x00000000       0xb0 ..\obj\xgpio.o
 .debug_info    0x00000000      0x780 ..\obj\xgpio.o
 .debug_abbrev  0x00000000      0x179 ..\obj\xgpio.o
 .debug_loc     0x00000000      0x56c ..\obj\xgpio.o
 .debug_aranges
                0x00000000       0xe0 ..\obj\xgpio.o
 .debug_ranges  0x00000000       0xd0 ..\obj\xgpio.o
 .debug_line    0x00000000      0x3fe ..\obj\xgpio.o
 .debug_str     0x00000000      0x366 ..\obj\xgpio.o
 .comment       0x00000000       0x71 ..\obj\xgpio.o
 .ARM.attributes
                0x00000000       0x33 ..\obj\xgpio.o
 .debug_frame   0x00000000      0x2f0 ..\obj\xgpio.o
 .text          0x00000000        0x0 ..\obj\system_stm32f10x.o
 .data          0x00000000       0x14 ..\obj\system_stm32f10x.o
 .bss           0x00000000        0x0 ..\obj\system_stm32f10x.o
 .text.SystemCoreClockUpdate
                0x00000000      0x13c ..\obj\system_stm32f10x.o
 .text          0x00000000        0x0 ..\obj\stm32f10x_gpio.o
 .data          0x00000000        0x0 ..\obj\stm32f10x_gpio.o
 .bss           0x00000000        0x0 ..\obj\stm32f10x_gpio.o
 .text.GPIO_DeInit
                0x00000000      0x128 ..\obj\stm32f10x_gpio.o
 .text.GPIO_AFIODeInit
                0x00000000       0x20 ..\obj\stm32f10x_gpio.o
 .text.GPIO_ReadInputDataBit
                0x00000000       0x3c ..\obj\stm32f10x_gpio.o
 .text.GPIO_ReadInputData
                0x00000000       0x1c ..\obj\stm32f10x_gpio.o
 .text.GPIO_ReadOutputDataBit
                0x00000000       0x3c ..\obj\stm32f10x_gpio.o
 .text.GPIO_ReadOutputData
                0x00000000       0x1c ..\obj\stm32f10x_gpio.o
 .text.GPIO_SetBits
                0x00000000       0x1c ..\obj\stm32f10x_gpio.o
 .text.GPIO_ResetBits
                0x00000000       0x1c ..\obj\stm32f10x_gpio.o
 .text.GPIO_Write
                0x00000000       0x1c ..\obj\stm32f10x_gpio.o
 .text.GPIO_PinLockConfig
                0x00000000       0x44 ..\obj\stm32f10x_gpio.o
 .text.GPIO_EventOutputConfig
                0x00000000       0x54 ..\obj\stm32f10x_gpio.o
 .text.GPIO_EventOutputCmd
                0x00000000       0x20 ..\obj\stm32f10x_gpio.o
 .text.GPIO_PinRemapConfig
                0x00000000      0x120 ..\obj\stm32f10x_gpio.o
 .text.GPIO_EXTILineConfig
                0x00000000       0xb0 ..\obj\stm32f10x_gpio.o
 .text.GPIO_ETH_MediaInterfaceConfig
                0x00000000       0x20 ..\obj\stm32f10x_gpio.o
 .text          0x00000000        0x0 ..\obj\main.o
 .data          0x00000000        0x0 ..\obj\main.o
 .text          0x00000000        0x0 ..\obj\printf.o
 .bss           0x00000000        0x0 ..\obj\printf.o
 .text.PutChar  0x00000000       0x24 ..\obj\printf.o
 .text.PutString
                0x00000000       0x48 ..\obj\printf.o
 .text.PutUnsignedInt
                0x00000000       0xbc ..\obj\printf.o
 .text.PutSignedInt
                0x00000000      0x12c ..\obj\printf.o
 .text.PutHexa  0x00000000       0xe8 ..\obj\printf.o
 .text.vsnprintf
                0x00000000      0x2a4 ..\obj\printf.o
 .text.snprintf
                0x00000000       0x34 ..\obj\printf.o
 .text.vsprintf
                0x00000000       0x28 ..\obj\printf.o
 .rodata        0x00000000       0x24 ..\obj\printf.o
 .text.vfprintf
                0x00000000       0x6c ..\obj\printf.o
 .text.vprintf  0x00000000       0x2c ..\obj\printf.o
 .text.fprintf  0x00000000       0x30 ..\obj\printf.o
 .text.printf   0x00000000       0x2c ..\obj\printf.o
 .text.sprintf  0x00000000       0x30 ..\obj\printf.o
 .text          0x00000000        0x0 ..\obj\stm32f10x_rcc.o
 .data          0x00000000       0x14 ..\obj\stm32f10x_rcc.o
 .bss           0x00000000        0x0 ..\obj\stm32f10x_rcc.o
 .text.RCC_DeInit
                0x00000000       0xa8 ..\obj\stm32f10x_rcc.o
 .text.RCC_HSEConfig
                0x00000000       0x88 ..\obj\stm32f10x_rcc.o
 .text.RCC_WaitForHSEStartUp
                0x00000000       0x64 ..\obj\stm32f10x_rcc.o
 .text.RCC_AdjustHSICalibrationValue
                0x00000000       0x48 ..\obj\stm32f10x_rcc.o
 .text.RCC_HSICmd
                0x00000000       0x20 ..\obj\stm32f10x_rcc.o
 .text.RCC_PLLConfig
                0x00000000       0x48 ..\obj\stm32f10x_rcc.o
 .text.RCC_PLLCmd
                0x00000000       0x20 ..\obj\stm32f10x_rcc.o
 .text.RCC_PREDIV1Config
                0x00000000       0x4c ..\obj\stm32f10x_rcc.o
 .text.RCC_SYSCLKConfig
                0x00000000       0x40 ..\obj\stm32f10x_rcc.o
 .text.RCC_GetSYSCLKSource
                0x00000000       0x20 ..\obj\stm32f10x_rcc.o
 .text.RCC_HCLKConfig
                0x00000000       0x40 ..\obj\stm32f10x_rcc.o
 .text.RCC_PCLK1Config
                0x00000000       0x40 ..\obj\stm32f10x_rcc.o
 .text.RCC_PCLK2Config
                0x00000000       0x44 ..\obj\stm32f10x_rcc.o
 .text.RCC_ITConfig
                0x00000000       0x60 ..\obj\stm32f10x_rcc.o
 .text.RCC_USBCLKConfig
                0x00000000       0x20 ..\obj\stm32f10x_rcc.o
 .text.RCC_ADCCLKConfig
                0x00000000       0x40 ..\obj\stm32f10x_rcc.o
 .text.RCC_LSEConfig
                0x00000000       0x60 ..\obj\stm32f10x_rcc.o
 .text.RCC_LSICmd
                0x00000000       0x20 ..\obj\stm32f10x_rcc.o
 .text.RCC_RTCCLKConfig
                0x00000000       0x2c ..\obj\stm32f10x_rcc.o
 .text.RCC_RTCCLKCmd
                0x00000000       0x20 ..\obj\stm32f10x_rcc.o
 .text.RCC_GetClocksFreq
                0x00000000      0x1cc ..\obj\stm32f10x_rcc.o
 .text.RCC_AHBPeriphClockCmd
                0x00000000       0x54 ..\obj\stm32f10x_rcc.o
 .text.RCC_APB1PeriphClockCmd
                0x00000000       0x54 ..\obj\stm32f10x_rcc.o
 .text.RCC_APB2PeriphResetCmd
                0x00000000       0x54 ..\obj\stm32f10x_rcc.o
 .text.RCC_APB1PeriphResetCmd
                0x00000000       0x54 ..\obj\stm32f10x_rcc.o
 .text.RCC_BackupResetCmd
                0x00000000       0x20 ..\obj\stm32f10x_rcc.o
 .text.RCC_ClockSecuritySystemCmd
                0x00000000       0x20 ..\obj\stm32f10x_rcc.o
 .text.RCC_MCOConfig
                0x00000000       0x20 ..\obj\stm32f10x_rcc.o
 .text.RCC_GetFlagStatus
                0x00000000       0x90 ..\obj\stm32f10x_rcc.o
 .text.RCC_ClearFlag
                0x00000000       0x24 ..\obj\stm32f10x_rcc.o
 .text.RCC_GetITStatus
                0x00000000       0x40 ..\obj\stm32f10x_rcc.o
 .text.RCC_ClearITPendingBit
                0x00000000       0x20 ..\obj\stm32f10x_rcc.o
 .text          0x00000000        0x0 ..\obj\xsysctl.o
 .data          0x00000000       0x18 ..\obj\xsysctl.o
 .bss           0x00000000        0x4 ..\obj\xsysctl.o
 .rodata        0x00000000      0x1f0 ..\obj\xsysctl.o
 .text.RCCIntHandler
                0x00000000       0x44 ..\obj\xsysctl.o
 .text.RCCIntCallbackInit
                0x00000000       0x20 ..\obj\xsysctl.o
 .text.SysCtlDelay
                0x00000000        0x8 ..\obj\xsysctl.o
 .text.SysCtlPeripheralReset
                0x00000000       0xa4 ..\obj\xsysctl.o
 .text.SysCtlPeripheralEnable
                0x00000000       0x58 ..\obj\xsysctl.o
 .text.SysCtlPeripheralDisable
                0x00000000       0x5c ..\obj\xsysctl.o
 .text.xSysCtlPeripheralEnable2
                0x00000000       0x84 ..\obj\xsysctl.o
 .text.xSysCtlPeripheralDisable2
                0x00000000       0x84 ..\obj\xsysctl.o
 .text.xSysCtlPeripheralReset2
                0x00000000       0x84 ..\obj\xsysctl.o
 .text.xSysCtlPeripheraIntNumGet
                0x00000000       0x84 ..\obj\xsysctl.o
 .text.SysCtlClockSet
                0x00000000      0x668 ..\obj\xsysctl.o
 .text.SysCtlIntEnable
                0x00000000       0x30 ..\obj\xsysctl.o
 .text.SysCtlIntDisable
                0x00000000       0x34 ..\obj\xsysctl.o
 .text.SysCtlIntFlagClear
                0x00000000       0x30 ..\obj\xsysctl.o
 .text.SysCtlIntFlagGet
                0x00000000       0x18 ..\obj\xsysctl.o
 .text.SysCtlResetFlagGet
                0x00000000       0x1c ..\obj\xsysctl.o
 .text.SysCtlResetFlagClear
                0x00000000       0x24 ..\obj\xsysctl.o
 .text.SysCtlLSIConfig
                0x00000000       0x5c ..\obj\xsysctl.o
 .text.SysCtlLSEConfig
                0x00000000       0x58 ..\obj\xsysctl.o
 .text.SysCtlPeripheralClockSourceSet
                0x00000000      0x228 ..\obj\xsysctl.o
 .text.SysCtlReset
                0x00000000       0x18 ..\obj\xsysctl.o
 .text.SysCtlSleep
                0x00000000        0xc ..\obj\xsysctl.o
 .text.SysCtlBackupDomainReset
                0x00000000       0x24 ..\obj\xsysctl.o
 .text.SysCtlHClockGet
                0x00000000      0x130 ..\obj\xsysctl.o
 .text.SysCtlAPB1ClockGet
                0x00000000       0x48 ..\obj\xsysctl.o
 .text.SysCtlAPB2ClockGet
                0x00000000       0x48 ..\obj\xsysctl.o
 .text.SysCtlBackupAccessEnable
                0x00000000       0x24 ..\obj\xsysctl.o
 .text.SysCtlBackupAccessDisable
                0x00000000       0x24 ..\obj\xsysctl.o
 .text.SysCtlPVDLevelConfig
                0x00000000       0x44 ..\obj\xsysctl.o
 .text.SysCtlWakeUpPinEnable
                0x00000000       0x24 ..\obj\xsysctl.o
 .text.SysCtlWakeUpPinDisable
                0x00000000       0x24 ..\obj\xsysctl.o
 .text.SysCtlStopModeConfig
                0x00000000       0x70 ..\obj\xsysctl.o
 .text.SysCtlEnterStandbyMode
                0x00000000       0x54 ..\obj\xsysctl.o
 .text.SysCtlFlagStatusGet
                0x00000000       0x1c ..\obj\xsysctl.o
 .text.SysCtlFlagStatusClear
                0x00000000       0x34 ..\obj\xsysctl.o
 .debug_info    0x00000000      0x80d ..\obj\xsysctl.o
 .debug_abbrev  0x00000000      0x1ed ..\obj\xsysctl.o
 .debug_loc     0x00000000      0x6e0 ..\obj\xsysctl.o
 .debug_aranges
                0x00000000      0x130 ..\obj\xsysctl.o
 .debug_ranges  0x00000000      0x120 ..\obj\xsysctl.o
 .debug_line    0x00000000      0x4d0 ..\obj\xsysctl.o
 .debug_str     0x00000000      0x57c ..\obj\xsysctl.o
 .comment       0x00000000       0x71 ..\obj\xsysctl.o
 .ARM.attributes
                0x00000000       0x33 ..\obj\xsysctl.o
 .debug_frame   0x00000000      0x3d0 ..\obj\xsysctl.o
 .text          0x00000000        0x0 ..\obj\xi2c.o
 .data          0x00000000        0x0 ..\obj\xi2c.o
 .bss           0x00000000        0x8 ..\obj\xi2c.o
 .text.I2CStartSend
                0x00000000       0x20 ..\obj\xi2c.o
 .text.I2CStopSend
                0x00000000       0x20 ..\obj\xi2c.o
 .text.I2CByteSend
                0x00000000       0x20 ..\obj\xi2c.o
 .text.I2CEventCheck
                0x00000000       0x50 ..\obj\xi2c.o
 .text.I2C1EVIntHandler
                0x00000000      0x14c ..\obj\xi2c.o
 .text.I2C2EVIntHandler
                0x00000000       0xd4 ..\obj\xi2c.o
 .text.I2CMasterInit
                0x00000000      0x134 ..\obj\xi2c.o
 .text.I2CSlaveInit
                0x00000000       0x58 ..\obj\xi2c.o
 .text.I2CEnable
                0x00000000       0x2c ..\obj\xi2c.o
 .text.I2CDisable
                0x00000000       0x20 ..\obj\xi2c.o
 .text.I2CMasterEnable
                0x00000000       0x2c ..\obj\xi2c.o
 .text.I2CMasterDisable
                0x00000000       0x20 ..\obj\xi2c.o
 .text.I2CIntEnable
                0x00000000       0x20 ..\obj\xi2c.o
 .text.I2CIntDisable
                0x00000000       0x2c ..\obj\xi2c.o
 .text.I2CIntCallbackInit
                0x00000000       0x50 ..\obj\xi2c.o
 .text.I2CDMAEnable
                0x00000000       0x50 ..\obj\xi2c.o
 .text.I2CDMADisable
                0x00000000       0x3c ..\obj\xi2c.o
 .text.I2COwnAddress2Config
                0x00000000       0x2c ..\obj\xi2c.o
 .text.I2CSoftwareResetEnable
                0x00000000       0x44 ..\obj\xi2c.o
 .text.I2CSoftwareResetDisable
                0x00000000       0x20 ..\obj\xi2c.o
 .text.I2CNACKPositionConfig
                0x00000000       0x2c ..\obj\xi2c.o
 .text.I2CPECPositionConfig
                0x00000000       0x2c ..\obj\xi2c.o
 .text.I2CPECConfig
                0x00000000       0x2c ..\obj\xi2c.o
 .text.I2CPECGet
                0x00000000       0x28 ..\obj\xi2c.o
 .text.I2CStretchClockEnable
                0x00000000       0x20 ..\obj\xi2c.o
 .text.I2CStretchClockDisable
                0x00000000       0x20 ..\obj\xi2c.o
 .text.I2CStatusGet
                0x00000000       0x3c ..\obj\xi2c.o
 .text.I2CFlagStatusClear
                0x00000000       0x2c ..\obj\xi2c.o
 .text.I2CBusBusy
                0x00000000       0x30 ..\obj\xi2c.o
 .text.I2CMasterErr
                0x00000000       0x34 ..\obj\xi2c.o
 .text.I2CDataPut
                0x00000000       0x20 ..\obj\xi2c.o
 .text.I2CDataGet
                0x00000000       0x1c ..\obj\xi2c.o
 .text.I2CMasterWriteRequestS1
                0x00000000       0xd4 ..\obj\xi2c.o
 .text.I2CMasterWriteRequestS2
                0x00000000       0x58 ..\obj\xi2c.o
 .text.I2CMasterWriteS1
                0x00000000       0x68 ..\obj\xi2c.o
 .text.I2CMasterWriteS2
                0x00000000       0x64 ..\obj\xi2c.o
 .text.I2CMasterWriteBufS1
                0x00000000      0x104 ..\obj\xi2c.o
 .text.I2CMasterWriteBufS2
                0x00000000       0xbc ..\obj\xi2c.o
 .text.I2CMasterReadRequestS1
                0x00000000       0xd8 ..\obj\xi2c.o
 .text.I2CMasterReadRequestS2
                0x00000000       0x58 ..\obj\xi2c.o
 .text.I2CMasterReadLastRequestS2
                0x00000000       0x20 ..\obj\xi2c.o
 .text.I2CMasterReadS1
                0x00000000       0x90 ..\obj\xi2c.o
 .text.I2CMasterReadS2
                0x00000000       0x88 ..\obj\xi2c.o
 .text.I2CMasterReadBufS1
                0x00000000      0x164 ..\obj\xi2c.o
 .text.I2CMasterReadBufS2
                0x00000000       0xdc ..\obj\xi2c.o
 .debug_info    0x00000000      0xd35 ..\obj\xi2c.o
 .debug_abbrev  0x00000000      0x184 ..\obj\xi2c.o
 .debug_loc     0x00000000      0x9d8 ..\obj\xi2c.o
 .debug_aranges
                0x00000000      0x180 ..\obj\xi2c.o
 .debug_ranges  0x00000000      0x170 ..\obj\xi2c.o
 .debug_line    0x00000000      0x5ab ..\obj\xi2c.o
 .debug_str     0x00000000      0x523 ..\obj\xi2c.o
 .comment       0x00000000       0x71 ..\obj\xi2c.o
 .ARM.attributes
                0x00000000       0x33 ..\obj\xi2c.o
 .debug_frame   0x00000000      0x53c ..\obj\xi2c.o
 .data          0x00000000        0x0 ..\obj\sh_cmd.o
 .bss           0x00000000        0x0 ..\obj\sh_cmd.o
 .text          0x00000000        0x0 ..\obj\syscalls.o
 .data          0x00000000        0x0 ..\obj\syscalls.o
 .bss           0x00000000        0x4 ..\obj\syscalls.o
 .text._sbrk    0x00000000       0x5c ..\obj\syscalls.o
 .text.link     0x00000000       0x1c ..\obj\syscalls.o
 .text._close   0x00000000       0x18 ..\obj\syscalls.o
 .text._fstat   0x00000000       0x24 ..\obj\syscalls.o
 .text._isatty  0x00000000       0x18 ..\obj\syscalls.o
 .text._lseek   0x00000000       0x1c ..\obj\syscalls.o
 .text._read    0x00000000       0x1c ..\obj\syscalls.o
 .text._write   0x00000000       0x1c ..\obj\syscalls.o
 .text.abort    0x00000000        0x8 ..\obj\syscalls.o
 .debug_info    0x00000000      0x443 ..\obj\syscalls.o
 .debug_abbrev  0x00000000       0xe4 ..\obj\syscalls.o
 .debug_loc     0x00000000      0x1ec ..\obj\syscalls.o
 .debug_aranges
                0x00000000       0x60 ..\obj\syscalls.o
 .debug_ranges  0x00000000       0x50 ..\obj\syscalls.o
 .debug_line    0x00000000      0x1b1 ..\obj\syscalls.o
 .debug_str     0x00000000      0x2d0 ..\obj\syscalls.o
 .comment       0x00000000       0x71 ..\obj\syscalls.o
 .ARM.attributes
                0x00000000       0x33 ..\obj\syscalls.o
 .debug_frame   0x00000000      0x108 ..\obj\syscalls.o

Memory Configuration

Name             Origin             Length             Attributes
rom              0x08000000         0x00020000         xr
ram              0x20000000         0x00002000         xrw
*default*        0x00000000         0xffffffff

Linker script and memory map

                0x20002000                _eram = 0x20002000

.text           0x08000000      0x92c
 *(.isr_vector .isr_vector.*)
 .isr_vector    0x08000000      0x124 ..\obj\startup_stm32f10x_md_vl.o
                0x08000000                g_pfnVectors
 *(.text .text.* .gnu.linkonce.t.*)
 .text.SH_SendChar
                0x08000124       0x9c ..\obj\semihosting.o
                0x08000124                SH_SendChar
 .text.Default_Reset_Handler
                0x080001c0       0x70 ..\obj\startup_stm32f10x_md_vl.o
                0x080001c0                Default_Reset_Handler
                0x080001c0                Reset_Handler
 .text.Default_Handler
                0x08000230        0x8 ..\obj\startup_stm32f10x_md_vl.o
                0x08000230                EXTI2_IRQHandler
                0x08000230                DebugMon_Handler
                0x08000230                TIM1_CC_IRQHandler
                0x08000230                SysTick_Handler
                0x08000230                PVD_IRQHandler
                0x08000230                PendSV_Handler
                0x08000230                NMI_Handler
                0x08000230                EXTI3_IRQHandler
                0x08000230                EXTI0_IRQHandler
                0x08000230                I2C2_EV_IRQHandler
                0x08000230                TIM1_UP_TIM16_IRQHandler
                0x08000230                UsageFault_Handler
                0x08000230                SPI1_IRQHandler
                0x08000230                TAMPER_IRQHandler
                0x08000230                TIM6_DAC_IRQHandler
                0x08000230                DMA1_Channel4_IRQHandler
                0x08000230                ADC1_IRQHandler
                0x08000230                USART3_IRQHandler
                0x08000230                RTC_IRQHandler
                0x08000230                DMA1_Channel7_IRQHandler
                0x08000230                TIM4_IRQHandler
                0x08000230                I2C1_EV_IRQHandler
                0x08000230                DMA1_Channel6_IRQHandler
                0x08000230                TIM3_IRQHandler
                0x08000230                RCC_IRQHandler
                0x08000230                DMA1_Channel1_IRQHandler
                0x08000230                CEC_IRQHandler
                0x08000230                EXTI15_10_IRQHandler
                0x08000230                TIM7_IRQHandler
                0x08000230                EXTI9_5_IRQHandler
                0x08000230                SPI2_IRQHandler
                0x08000230                MemManage_Handler
                0x08000230                SVC_Handler
                0x08000230                DMA1_Channel5_IRQHandler
                0x08000230                EXTI4_IRQHandler
                0x08000230                TIM1_TRG_COM_TIM17_IRQHandler
                0x08000230                DMA1_Channel3_IRQHandler
                0x08000230                WWDG_IRQHandler
                0x08000230                TIM2_IRQHandler
                0x08000230                EXTI1_IRQHandler
                0x08000230                RTCAlarm_IRQHandler
                0x08000230                USART2_IRQHandler
                0x08000230                I2C2_ER_IRQHandler
                0x08000230                DMA1_Channel2_IRQHandler
                0x08000230                FLASH_IRQHandler
                0x08000230                BusFault_Handler
                0x08000230                USART1_IRQHandler
                0x08000230                I2C1_ER_IRQHandler
                0x08000230                TIM1_BRK_TIM15_IRQHandler
 .text.SystemInit
                0x08000238       0xb8 ..\obj\system_stm32f10x.o
                0x08000238                SystemInit
 .text.SetSysClock
                0x080002f0        0xc ..\obj\system_stm32f10x.o
 .text.SetSysClockTo24
                0x080002fc      0x15c ..\obj\system_stm32f10x.o
 .text.GPIO_Init
                0x08000458      0x1b0 ..\obj\stm32f10x_gpio.o
                0x08000458                GPIO_Init
 .text.GPIO_StructInit
                0x08000608       0x2c ..\obj\stm32f10x_gpio.o
                0x08000608                GPIO_StructInit
 .text.GPIO_WriteBit
                0x08000634       0x30 ..\obj\stm32f10x_gpio.o
                0x08000634                GPIO_WriteBit
 .text.main     0x08000664      0x144 ..\obj\main.o
                0x08000664                main
 .text.PrintChar
                0x080007a8       0x1c ..\obj\printf.o
                0x080007a8                PrintChar
 .text.puts     0x080007c4       0x28 ..\obj\printf.o
                0x080007c4                puts
 .text.fputc    0x080007ec       0x4c ..\obj\printf.o
                0x080007ec                fputc
 .text.fputs    0x08000838       0x50 ..\obj\printf.o
                0x08000838                fputs
 .text.RCC_APB2PeriphClockCmd
                0x08000888       0x54 ..\obj\stm32f10x_rcc.o
                0x08000888                RCC_APB2PeriphClockCmd
 .text          0x080008dc       0x30 ..\obj\sh_cmd.o
                0x080008dc                SH_DoCommand
                0x080008f2                HardFault_Handler
 *(.glue_7t)
 .glue_7t       0x00000000        0x0 linker stubs
 *(.glue_7)
 .glue_7        0x00000000        0x0 linker stubs
 *(.rodata .rodata* .gnu.linkonce.r.*)
 .rodata        0x0800090c       0x20 ..\obj\main.o

.vfp11_veneer   0x0800092c        0x0
 .vfp11_veneer  0x00000000        0x0 linker stubs

.v4_bx          0x0800092c        0x0
 .v4_bx         0x00000000        0x0 linker stubs

.iplt           0x0800092c        0x0
 .iplt          0x00000000        0x0 ..\obj\semihosting.o

.rel.dyn        0x0800092c        0x0
 .rel.iplt      0x00000000        0x0 ..\obj\semihosting.o

.ARM.extab
 *(.ARM.extab* .gnu.linkonce.armextab.*)
                0x0800092c                __exidx_start = .

.ARM.exidx
 *(.ARM.exidx* .gnu.linkonce.armexidx.*)
                0x0800092c                __exidx_end = .
                0x0800092c                . = ALIGN (0x4)
                0x0800092c                _etext = .
                0x0800092c                _sidata = .

.data           0x20000000      0x430 load address 0x0800092c
                0x20000000                _sdata = .
 *(.data .data.*)
 .data          0x20000000      0x430 ..\obj\printf.o
                0x20000000                r
                0x20000428                _impure_ptr
                0x20000430                . = ALIGN (0x4)
                0x20000430                _edata = .

.igot.plt       0x20000430        0x0 load address 0x08000d5c
 .igot.plt      0x00000000        0x0 ..\obj\semihosting.o

.bss            0x20000430       0x20 load address 0x08000d5c
                0x20000430                _sbss = .
 *(.bss .bss.*)
 .bss           0x20000430       0x14 ..\obj\semihosting.o
 .bss           0x20000444        0xc ..\obj\main.o
 *(COMMON)
                0x20000450                . = ALIGN (0x4)
                0x20000450                _ebss = .

.co_stack       0x20000450      0x400 load address 0x08000d7c
                0x20000450                . = ALIGN (0x8)
 *(.co_stack .co_stack.*)
 .co_stack      0x20000450      0x400 ..\obj\startup_stm32f10x_md_vl.o
                0x20000450                pulStack
                0x20000850                . = ALIGN (0x4)
                0x20000850                _end = .
LOAD ..\obj\semihosting.o
LOAD ..\obj\xdebug.o
LOAD ..\obj\startup_stm32f10x_md_vl.o
LOAD ..\obj\core_cm3.o
LOAD ..\obj\xcore.o
LOAD ..\obj\xgpio.o
LOAD ..\obj\system_stm32f10x.o
LOAD ..\obj\stm32f10x_gpio.o
LOAD ..\obj\main.o
LOAD ..\obj\printf.o
LOAD ..\obj\stm32f10x_rcc.o
LOAD ..\obj\xsysctl.o
LOAD ..\obj\xi2c.o
LOAD ..\obj\sh_cmd.o
LOAD ..\obj\syscalls.o
START GROUP
LOAD c:/program files (x86)/gnu tools arm embedded/4.7 2013q2/bin/../lib/gcc/arm-none-eabi/4.7.4/armv7-m\libgcc.a
LOAD c:/program files (x86)/gnu tools arm embedded/4.7 2013q2/bin/../lib/gcc/arm-none-eabi/4.7.4/../../../../arm-none-eabi/lib/armv7-m\libg.a
LOAD c:/program files (x86)/gnu tools arm embedded/4.7 2013q2/bin/../lib/gcc/arm-none-eabi/4.7.4/../../../../arm-none-eabi/lib/armv7-m\libc.a
END GROUP
OUTPUT(I2C_Wii_Classic_Controller.elf elf32-littlearm)

.debug_info     0x00000000     0x29b2
 .debug_info    0x00000000      0x13e ..\obj\semihosting.o
 .debug_info    0x0000013e       0xff ..\obj\startup_stm32f10x_md_vl.o
 .debug_info    0x0000023d      0x40c ..\obj\system_stm32f10x.o
 .debug_info    0x00000649      0x72e ..\obj\stm32f10x_gpio.o
 .debug_info    0x00000d77      0x267 ..\obj\main.o
 .debug_info    0x00000fde      0xf74 ..\obj\printf.o
 .debug_info    0x00001f52      0x990 ..\obj\stm32f10x_rcc.o
 .debug_info    0x000028e2       0xd0 ..\obj\sh_cmd.o

.debug_abbrev   0x00000000      0x9e7
 .debug_abbrev  0x00000000       0xad ..\obj\semihosting.o
 .debug_abbrev  0x000000ad       0xa9 ..\obj\startup_stm32f10x_md_vl.o
 .debug_abbrev  0x00000156      0x179 ..\obj\system_stm32f10x.o
 .debug_abbrev  0x000002cf      0x1ca ..\obj\stm32f10x_gpio.o
 .debug_abbrev  0x00000499      0x10b ..\obj\main.o
 .debug_abbrev  0x000005a4      0x273 ..\obj\printf.o
 .debug_abbrev  0x00000817      0x1bc ..\obj\stm32f10x_rcc.o
 .debug_abbrev  0x000009d3       0x14 ..\obj\sh_cmd.o

.debug_loc      0x00000000     0x10ee
 .debug_loc     0x00000000       0xa8 ..\obj\semihosting.o
 .debug_loc     0x000000a8       0x64 ..\obj\startup_stm32f10x_md_vl.o
 .debug_loc     0x0000010c       0xc8 ..\obj\system_stm32f10x.o
 .debug_loc     0x000001d4      0x3e4 ..\obj\stm32f10x_gpio.o
 .debug_loc     0x000005b8       0x38 ..\obj\main.o
 .debug_loc     0x000005f0      0x3ea ..\obj\printf.o
 .debug_loc     0x000009da      0x714 ..\obj\stm32f10x_rcc.o

.debug_aranges  0x00000000      0x338
 .debug_aranges
                0x00000000       0x30 ..\obj\semihosting.o
 .debug_aranges
                0x00000030       0x28 ..\obj\startup_stm32f10x_md_vl.o
 .debug_aranges
                0x00000058       0x38 ..\obj\system_stm32f10x.o
 .debug_aranges
                0x00000090       0xa8 ..\obj\stm32f10x_gpio.o
 .debug_aranges
                0x00000138       0x20 ..\obj\main.o
 .debug_aranges
                0x00000158       0xa0 ..\obj\printf.o
 .debug_aranges
                0x000001f8      0x120 ..\obj\stm32f10x_rcc.o
 .debug_aranges
                0x00000318       0x20 ..\obj\sh_cmd.o

.debug_ranges   0x00000000      0x2a8
 .debug_ranges  0x00000000       0x20 ..\obj\semihosting.o
 .debug_ranges  0x00000020       0x18 ..\obj\startup_stm32f10x_md_vl.o
 .debug_ranges  0x00000038       0x28 ..\obj\system_stm32f10x.o
 .debug_ranges  0x00000060       0x98 ..\obj\stm32f10x_gpio.o
 .debug_ranges  0x000000f8       0x10 ..\obj\main.o
 .debug_ranges  0x00000108       0x90 ..\obj\printf.o
 .debug_ranges  0x00000198      0x110 ..\obj\stm32f10x_rcc.o

.debug_line     0x00000000     0x1298
 .debug_line    0x00000000       0xbb ..\obj\semihosting.o
 .debug_line    0x000000bb       0xb7 ..\obj\startup_stm32f10x_md_vl.o
 .debug_line    0x00000172      0x1f9 ..\obj\system_stm32f10x.o
 .debug_line    0x0000036b      0x3b4 ..\obj\stm32f10x_gpio.o
 .debug_line    0x0000071f      0x20c ..\obj\main.o
 .debug_line    0x0000092b      0x40a ..\obj\printf.o
 .debug_line    0x00000d35      0x4d2 ..\obj\stm32f10x_rcc.o
 .debug_line    0x00001207       0x91 ..\obj\sh_cmd.o

.debug_str      0x00000000     0x1105
 .debug_str     0x00000000      0x12d ..\obj\semihosting.o
                                0x166 (size before relaxing)
 .debug_str     0x0000012d       0xc5 ..\obj\startup_stm32f10x_md_vl.o
                                0x129 (size before relaxing)
 .debug_str     0x000001f2      0x19f ..\obj\system_stm32f10x.o
                                0x289 (size before relaxing)
 .debug_str     0x00000391      0x3c7 ..\obj\stm32f10x_gpio.o
                                0x4ce (size before relaxing)
 .debug_str     0x00000758       0xae ..\obj\main.o
                                0x2ec (size before relaxing)
 .debug_str     0x00000806      0x4d0 ..\obj\printf.o
                                0x664 (size before relaxing)
 .debug_str     0x00000cd6      0x42f ..\obj\stm32f10x_rcc.o
                                0x622 (size before relaxing)

.comment        0x00000000       0x70
 .comment       0x00000000       0x70 ..\obj\semihosting.o
                                 0x71 (size before relaxing)
 .comment       0x00000000       0x71 ..\obj\startup_stm32f10x_md_vl.o
 .comment       0x00000000       0x71 ..\obj\system_stm32f10x.o
 .comment       0x00000000       0x71 ..\obj\stm32f10x_gpio.o
 .comment       0x00000000       0x71 ..\obj\main.o
 .comment       0x00000000       0x71 ..\obj\printf.o
 .comment       0x00000000       0x71 ..\obj\stm32f10x_rcc.o

.ARM.attributes
                0x00000000       0x31
 .ARM.attributes
                0x00000000       0x33 ..\obj\semihosting.o
 .ARM.attributes
                0x00000033       0x33 ..\obj\startup_stm32f10x_md_vl.o
 .ARM.attributes
                0x00000066       0x33 ..\obj\system_stm32f10x.o
 .ARM.attributes
                0x00000099       0x33 ..\obj\stm32f10x_gpio.o
 .ARM.attributes
                0x000000cc       0x33 ..\obj\main.o
 .ARM.attributes
                0x000000ff       0x33 ..\obj\printf.o
 .ARM.attributes
                0x00000132       0x33 ..\obj\stm32f10x_rcc.o
 .ARM.attributes
                0x00000165       0x21 ..\obj\sh_cmd.o

.debug_frame    0x00000000      0x964
 .debug_frame   0x00000000       0x70 ..\obj\semihosting.o
 .debug_frame   0x00000070       0x48 ..\obj\startup_stm32f10x_md_vl.o
 .debug_frame   0x000000b8       0x80 ..\obj\system_stm32f10x.o
 .debug_frame   0x00000138      0x210 ..\obj\stm32f10x_gpio.o
 .debug_frame   0x00000348       0x30 ..\obj\main.o
 .debug_frame   0x00000378      0x248 ..\obj\printf.o
 .debug_frame   0x000005c0      0x3a4 ..\obj\stm32f10x_rcc.o
